// Jest Snapshot v1, https://goo.gl/fbAQLP

exports[`matches snapshot 1`] = `
<div
  className="cards"
  data-testid="cards"
>
  <h1>
    DASHBOARD
  </h1>
  <br />
  <div
    className="cards__container"
  >
    <div
      className="cards__wrapper"
    >
      <ul
        className="cards__items"
      >
        <li
          className="cards__item"
        >
          <a
            className="cards__item__link"
            href="/viewRoles"
            onClick={[Function]}
          >
            <figure
              className="cards__item__pic-wrap"
              data-category="Staff Management"
            >
              <img
                alt="Image"
                className="cards__item__img"
                src="staff.jpg"
              />
            </figure>
            <div
              className="cards__item__info"
            >
              <h5
                className="cards__item__text"
              >
                Staff Management
              </h5>
            </div>
          </a>
        </li>
        <li
          className="cards__item"
        >
          <a
            className="cards__item__link"
            href="/getStudentGroups"
            onClick={[Function]}
          >
            <figure
              className="cards__item__pic-wrap"
              data-category="Student Management"
            >
              <img
                alt="Image"
                className="cards__item__img"
                src="stud.jpg"
              />
            </figure>
            <div
              className="cards__item__info"
            >
              <h5
                className="cards__item__text"
              >
                Student Management
              </h5>
            </div>
          </a>
        </li>
        <li
          className="cards__item"
        >
          <a
            className="cards__item__link"
            href="/viewPanels"
            onClick={[Function]}
          >
            <figure
              className="cards__item__pic-wrap"
              data-category="Panel Members Allocation"
            >
              <img
                alt="Image"
                className="cards__item__img"
                src="panel.jpg"
              />
            </figure>
            <div
              className="cards__item__info"
            >
              <h5
                className="cards__item__text"
              >
                Allocate panel members to student groups
              </h5>
            </div>
          </a>
        </li>
        <li
          className="cards__item"
        >
          <a
            className="cards__item__link"
            href="/viewSubmissions"
            onClick={[Function]}
          >
            <figure
              className="cards__item__pic-wrap"
              data-category="Submission Types"
            >
              <img
                alt="Image"
                className="cards__item__img"
                src="submi.jpg"
              />
            </figure>
            <div
              className="cards__item__info"
            >
              <h5
                className="cards__item__text"
              >
                Create Submission Types
              </h5>
            </div>
          </a>
        </li>
      </ul>
      <ul
        className="cards__items"
      >
        <li
          className="cards__item"
        >
          <a
            className="cards__item__link"
            href="/getTopics"
            onClick={[Function]}
          >
            <figure
              className="cards__item__pic-wrap"
              data-category="Research Topics"
            >
              <img
                alt="Image"
                className="cards__item__img"
                src="research.jpg"
              />
            </figure>
            <div
              className="cards__item__info"
            >
              <h5
                className="cards__item__text"
              >
                Research Topics
              </h5>
            </div>
          </a>
        </li>
        <li
          className="cards__item"
        >
          <a
            className="cards__item__link"
            href="/viewMarkings"
            onClick={[Function]}
          >
            <figure
              className="cards__item__pic-wrap"
              data-category="Marking schemes"
            >
              <img
                alt="Image"
                className="cards__item__img"
                src="marking.jpg"
              />
            </figure>
            <div
              className="cards__item__info"
            >
              <h5
                className="cards__item__text"
              >
                Create Marking Schemes
              </h5>
            </div>
          </a>
        </li>
        <li
          className="cards__item"
        >
          <a
            className="cards__item__link"
            href="/viewTemplates"
            onClick={[Function]}
          >
            <figure
              className="cards__item__pic-wrap"
              data-category="Document/Presentation Templates"
            >
              <img
                alt="Image"
                className="cards__item__img"
                src="doc.jpg"
              />
            </figure>
            <div
              className="cards__item__info"
            >
              <h5
                className="cards__item__text"
              >
                Upload document/presentation templates
              </h5>
            </div>
          </a>
        </li>
        <li
          className="cards__item"
        >
          <a
            className="cards__item__link"
            href="/listRoles"
            onClick={[Function]}
          >
            <figure
              className="cards__item__pic-wrap"
              data-category="View Roles"
            >
              <img
                alt="Image"
                className="cards__item__img"
                src="roles.jpg"
              />
            </figure>
            <div
              className="cards__item__info"
            >
              <h5
                className="cards__item__text"
              >
                View Roles
              </h5>
            </div>
          </a>
        </li>
      </ul>
    </div>
  </div>
</div>
`;
